// Jest Snapshot v1, https://goo.gl/fbAQLP

exports[`pds admin get repo view gets a repo by did, even when taken down. 1`] = `
{
  "account": {
    "email": "alice@test.com",
  },
  "did": "user(0)",
  "handle": "alice.test",
  "indexedAt": "1970-01-01T00:00:00.000Z",
  "moderation": {
    "actions": [
      {
        "action": "com.atproto.admin.moderationAction#takedown",
        "createdAt": "1970-01-01T00:00:00.000Z",
        "createdBy": "Y",
        "id": 2,
        "reason": "X",
        "resolvedReportIds": [],
        "subject": {
          "$type": "com.atproto.repo.repoRef",
          "did": "user(0)",
        },
        "subjectBlobCids": [],
      },
      {
        "action": "com.atproto.admin.moderationAction#acknowledge",
        "createdAt": "1970-01-01T00:00:00.000Z",
        "createdBy": "Y",
        "id": 1,
        "reason": "X",
        "resolvedReportIds": [],
        "reversal": {
          "createdAt": "1970-01-01T00:00:00.000Z",
          "createdBy": "Y",
          "reason": "X",
        },
        "subject": {
          "$type": "com.atproto.repo.repoRef",
          "did": "user(0)",
        },
        "subjectBlobCids": [],
      },
    ],
    "currentAction": {
      "action": "com.atproto.admin.moderationAction#takedown",
      "id": 2,
    },
    "reports": [
      {
        "createdAt": "1970-01-01T00:00:00.000Z",
        "id": 2,
        "reason": "defamation",
        "reasonType": "com.atproto.report.reasonType#other",
        "reportedByDid": "user(1)",
        "resolvedByActionIds": [],
        "subject": {
          "$type": "com.atproto.repo.repoRef",
          "did": "user(0)",
        },
      },
      {
        "createdAt": "1970-01-01T00:00:00.000Z",
        "id": 1,
        "reasonType": "com.atproto.report.reasonType#spam",
        "reportedByDid": "user(2)",
        "resolvedByActionIds": [],
        "subject": {
          "$type": "com.atproto.repo.repoRef",
          "did": "user(0)",
        },
      },
    ],
  },
  "relatedRecords": [
    {
      "$type": "app.bsky.system.declaration",
      "actorType": "app.bsky.system.actorUser",
    },
    {
      "$type": "app.bsky.actor.profile",
      "avatar": {
        "cid": "cids(0)",
        "mimeType": "image/jpeg",
      },
      "description": "its me!",
      "displayName": "ali",
    },
  ],
}
`;
