// Jest Snapshot v1, https://goo.gl/fbAQLP

exports[`hide certain posts from the user feed hides a post from the user feed. 1`] = `
[
  {
    "post": {
      "author": {
        "avatar": "https://pds.public.url/image/KzkHFsMRQ6oAKCHCRKFA1H-rDdc7VOtvEVpUJ82TwyQ/rs:fill:1000:1000:1:0/plain/bafkreiaivizp4xldojmmpuzmiu75cmea7nq56dnntnuhzhsjcb63aou5ei@jpeg",
        "declaration": {
          "actorType": "app.bsky.system.actorUser",
          "cid": "cids(1)",
        },
        "did": "user(0)",
        "displayName": "ali",
        "handle": "alice.test",
        "viewer": {
          "muted": false,
        },
      },
      "cid": "cids(0)",
      "downvoteCount": 1,
      "indexedAt": "1970-01-01T00:00:00.000Z",
      "record": {
        "$type": "app.bsky.feed.post",
        "createdAt": "1970-01-01T00:00:00.000Z",
        "text": "again",
      },
      "replyCount": 2,
      "repostCount": 1,
      "upvoteCount": 2,
      "uri": "record(0)",
      "viewer": {},
    },
    "reason": {
      "$type": "app.bsky.feed.feedViewPost#reasonRepost",
      "by": {
        "declaration": {
          "actorType": "app.bsky.system.actorUser",
          "cid": "cids(1)",
        },
        "did": "user(1)",
        "handle": "dan.test",
        "viewer": {
          "following": "record(1)",
          "muted": false,
        },
      },
      "indexedAt": "1970-01-01T00:00:00.000Z",
    },
  },
  {
    "post": {
      "author": {
        "declaration": {
          "actorType": "app.bsky.system.actorUser",
          "cid": "cids(1)",
        },
        "did": "user(1)",
        "handle": "dan.test",
        "viewer": {
          "following": "record(1)",
          "muted": false,
        },
      },
      "cid": "cids(2)",
      "downvoteCount": 0,
      "indexedAt": "1970-01-01T00:00:00.000Z",
      "record": {
        "$type": "app.bsky.feed.post",
        "createdAt": "1970-01-01T00:00:00.000Z",
        "entities": [
          {
            "index": {
              "end": 18,
              "start": 0,
            },
            "type": "mention",
            "value": "user(0)",
          },
        ],
        "text": "@alice.bluesky.xyz is the best",
      },
      "replyCount": 0,
      "repostCount": 1,
      "upvoteCount": 0,
      "uri": "record(2)",
      "viewer": {},
    },
    "reason": {
      "$type": "app.bsky.feed.feedViewPost#reasonRepost",
      "by": {
        "declaration": {
          "actorType": "app.bsky.system.actorUser",
          "cid": "cids(1)",
        },
        "did": "user(2)",
        "handle": "carol.test",
        "viewer": {
          "followedBy": "record(4)",
          "following": "record(3)",
          "muted": false,
        },
      },
      "indexedAt": "1970-01-01T00:00:00.000Z",
    },
  },
  {
    "post": {
      "author": {
        "avatar": "https://pds.public.url/image/KzkHFsMRQ6oAKCHCRKFA1H-rDdc7VOtvEVpUJ82TwyQ/rs:fill:1000:1000:1:0/plain/bafkreiaivizp4xldojmmpuzmiu75cmea7nq56dnntnuhzhsjcb63aou5ei@jpeg",
        "declaration": {
          "actorType": "app.bsky.system.actorUser",
          "cid": "cids(1)",
        },
        "did": "user(0)",
        "displayName": "ali",
        "handle": "alice.test",
        "viewer": {
          "muted": false,
        },
      },
      "cid": "cids(3)",
      "downvoteCount": 0,
      "indexedAt": "1970-01-01T00:00:00.000Z",
      "record": {
        "$type": "app.bsky.feed.post",
        "createdAt": "1970-01-01T00:00:00.000Z",
        "reply": {
          "parent": {
            "cid": "cids(4)",
            "uri": "record(6)",
          },
          "root": {
            "cid": "cids(0)",
            "uri": "record(0)",
          },
        },
        "text": "thanks bob",
      },
      "replyCount": 0,
      "repostCount": 0,
      "upvoteCount": 0,
      "uri": "record(5)",
      "viewer": {},
    },
    "reply": {
      "parent": {
        "author": {
          "avatar": "https://pds.public.url/image/KzkHFsMRQ6oAKCHCRKFA1H-rDdc7VOtvEVpUJ82TwyQ/rs:fill:1000:1000:1:0/plain/bafkreiaivizp4xldojmmpuzmiu75cmea7nq56dnntnuhzhsjcb63aou5ei@jpeg",
          "declaration": {
            "actorType": "app.bsky.system.actorUser",
            "cid": "cids(1)",
          },
          "did": "user(3)",
          "displayName": "bobby",
          "handle": "bob.test",
          "viewer": {
            "followedBy": "record(8)",
            "following": "record(7)",
            "muted": false,
          },
        },
        "cid": "cids(4)",
        "downvoteCount": 0,
        "embed": {
          "$type": "app.bsky.embed.images#presented",
          "images": [
            {
              "alt": "tests/image/fixtures/key-landscape-small.jpg",
              "fullsize": "https://pds.public.url/image/AiDXkxVbgBksxb1nfiRn1m6S4K8_mee6o8r-UGLNzOM/rs:fit:2000:2000:1:0/plain/bafkreigy5p3xxceipk2o6nqtnugpft26ol6yleqhboqziino7axvdngtci@jpeg",
              "thumb": "https://pds.public.url/image/uc7FGfiGv0mMqmk9XiqHXrIhNymLHaex7Ge8nEhmXqo/rs:fit:1000:1000:1:0/plain/bafkreigy5p3xxceipk2o6nqtnugpft26ol6yleqhboqziino7axvdngtci@jpeg",
            },
          ],
        },
        "indexedAt": "1970-01-01T00:00:00.000Z",
        "record": {
          "$type": "app.bsky.feed.post",
          "createdAt": "1970-01-01T00:00:00.000Z",
          "embed": {
            "$type": "app.bsky.embed.images",
            "images": [
              {
                "alt": "tests/image/fixtures/key-landscape-small.jpg",
                "image": {
                  "cid": "cids(5)",
                  "mimeType": "image/jpeg",
                },
              },
            ],
          },
          "reply": {
            "parent": {
              "cid": "cids(0)",
              "uri": "record(0)",
            },
            "root": {
              "cid": "cids(0)",
              "uri": "record(0)",
            },
          },
          "text": "hear that",
        },
        "replyCount": 1,
        "repostCount": 0,
        "upvoteCount": 0,
        "uri": "record(6)",
        "viewer": {},
      },
      "root": {
        "author": {
          "avatar": "https://pds.public.url/image/KzkHFsMRQ6oAKCHCRKFA1H-rDdc7VOtvEVpUJ82TwyQ/rs:fill:1000:1000:1:0/plain/bafkreiaivizp4xldojmmpuzmiu75cmea7nq56dnntnuhzhsjcb63aou5ei@jpeg",
          "declaration": {
            "actorType": "app.bsky.system.actorUser",
            "cid": "cids(1)",
          },
          "did": "user(0)",
          "displayName": "ali",
          "handle": "alice.test",
          "viewer": {
            "muted": false,
          },
        },
        "cid": "cids(0)",
        "downvoteCount": 1,
        "indexedAt": "1970-01-01T00:00:00.000Z",
        "record": {
          "$type": "app.bsky.feed.post",
          "createdAt": "1970-01-01T00:00:00.000Z",
          "text": "again",
        },
        "replyCount": 2,
        "repostCount": 1,
        "upvoteCount": 2,
        "uri": "record(0)",
        "viewer": {},
      },
    },
  },
  {
    "post": {
      "author": {
        "declaration": {
          "actorType": "app.bsky.system.actorUser",
          "cid": "cids(1)",
        },
        "did": "user(2)",
        "handle": "carol.test",
        "viewer": {
          "followedBy": "record(4)",
          "following": "record(3)",
          "muted": false,
        },
      },
      "cid": "cids(6)",
      "downvoteCount": 0,
      "indexedAt": "1970-01-01T00:00:00.000Z",
      "record": {
        "$type": "app.bsky.feed.post",
        "createdAt": "1970-01-01T00:00:00.000Z",
        "reply": {
          "parent": {
            "cid": "cids(0)",
            "uri": "record(0)",
          },
          "root": {
            "cid": "cids(0)",
            "uri": "record(0)",
          },
        },
        "text": "of course",
      },
      "replyCount": 0,
      "repostCount": 0,
      "upvoteCount": 0,
      "uri": "record(9)",
      "viewer": {},
    },
    "reply": {
      "parent": {
        "author": {
          "avatar": "https://pds.public.url/image/KzkHFsMRQ6oAKCHCRKFA1H-rDdc7VOtvEVpUJ82TwyQ/rs:fill:1000:1000:1:0/plain/bafkreiaivizp4xldojmmpuzmiu75cmea7nq56dnntnuhzhsjcb63aou5ei@jpeg",
          "declaration": {
            "actorType": "app.bsky.system.actorUser",
            "cid": "cids(1)",
          },
          "did": "user(0)",
          "displayName": "ali",
          "handle": "alice.test",
          "viewer": {
            "muted": false,
          },
        },
        "cid": "cids(0)",
        "downvoteCount": 1,
        "indexedAt": "1970-01-01T00:00:00.000Z",
        "record": {
          "$type": "app.bsky.feed.post",
          "createdAt": "1970-01-01T00:00:00.000Z",
          "text": "again",
        },
        "replyCount": 2,
        "repostCount": 1,
        "upvoteCount": 2,
        "uri": "record(0)",
        "viewer": {},
      },
      "root": {
        "author": {
          "avatar": "https://pds.public.url/image/KzkHFsMRQ6oAKCHCRKFA1H-rDdc7VOtvEVpUJ82TwyQ/rs:fill:1000:1000:1:0/plain/bafkreiaivizp4xldojmmpuzmiu75cmea7nq56dnntnuhzhsjcb63aou5ei@jpeg",
          "declaration": {
            "actorType": "app.bsky.system.actorUser",
            "cid": "cids(1)",
          },
          "did": "user(0)",
          "displayName": "ali",
          "handle": "alice.test",
          "viewer": {
            "muted": false,
          },
        },
        "cid": "cids(0)",
        "downvoteCount": 1,
        "indexedAt": "1970-01-01T00:00:00.000Z",
        "record": {
          "$type": "app.bsky.feed.post",
          "createdAt": "1970-01-01T00:00:00.000Z",
          "text": "again",
        },
        "replyCount": 2,
        "repostCount": 1,
        "upvoteCount": 2,
        "uri": "record(0)",
        "viewer": {},
      },
    },
  },
  {
    "post": {
      "author": {
        "avatar": "https://pds.public.url/image/KzkHFsMRQ6oAKCHCRKFA1H-rDdc7VOtvEVpUJ82TwyQ/rs:fill:1000:1000:1:0/plain/bafkreiaivizp4xldojmmpuzmiu75cmea7nq56dnntnuhzhsjcb63aou5ei@jpeg",
        "declaration": {
          "actorType": "app.bsky.system.actorUser",
          "cid": "cids(1)",
        },
        "did": "user(0)",
        "displayName": "ali",
        "handle": "alice.test",
        "viewer": {
          "muted": false,
        },
      },
      "cid": "cids(7)",
      "downvoteCount": 1,
      "embed": {
        "$type": "app.bsky.embed.record#presented",
        "record": {
          "$type": "app.bsky.embed.record#presentedRecord",
          "author": {
            "declaration": {
              "actorType": "app.bsky.system.actorUser",
              "cid": "cids(1)",
            },
            "did": "user(1)",
            "handle": "dan.test",
            "viewer": {
              "following": "record(1)",
              "muted": false,
            },
          },
          "cid": "cids(2)",
          "record": {
            "$type": "app.bsky.feed.post",
            "createdAt": "1970-01-01T00:00:00.000Z",
            "entities": [
              {
                "index": {
                  "end": 18,
                  "start": 0,
                },
                "type": "mention",
                "value": "user(0)",
              },
            ],
            "text": "@alice.bluesky.xyz is the best",
          },
          "uri": "record(2)",
        },
      },
      "indexedAt": "1970-01-01T00:00:00.000Z",
      "record": {
        "$type": "app.bsky.feed.post",
        "createdAt": "1970-01-01T00:00:00.000Z",
        "embed": {
          "$type": "app.bsky.embed.record",
          "record": {
            "cid": "cids(2)",
            "uri": "record(2)",
          },
        },
        "text": "yoohoo",
      },
      "replyCount": 0,
      "repostCount": 0,
      "upvoteCount": 1,
      "uri": "record(10)",
      "viewer": {},
    },
  },
  {
    "post": {
      "author": {
        "avatar": "https://pds.public.url/image/KzkHFsMRQ6oAKCHCRKFA1H-rDdc7VOtvEVpUJ82TwyQ/rs:fill:1000:1000:1:0/plain/bafkreiaivizp4xldojmmpuzmiu75cmea7nq56dnntnuhzhsjcb63aou5ei@jpeg",
        "declaration": {
          "actorType": "app.bsky.system.actorUser",
          "cid": "cids(1)",
        },
        "did": "user(3)",
        "displayName": "bobby",
        "handle": "bob.test",
        "viewer": {
          "followedBy": "record(8)",
          "following": "record(7)",
          "muted": false,
        },
      },
      "cid": "cids(8)",
      "downvoteCount": 0,
      "indexedAt": "1970-01-01T00:00:00.000Z",
      "record": {
        "$type": "app.bsky.feed.post",
        "createdAt": "1970-01-01T00:00:00.000Z",
        "text": "bobby boy here",
      },
      "replyCount": 0,
      "repostCount": 0,
      "upvoteCount": 0,
      "uri": "record(11)",
      "viewer": {},
    },
  },
  {
    "post": {
      "author": {
        "avatar": "https://pds.public.url/image/KzkHFsMRQ6oAKCHCRKFA1H-rDdc7VOtvEVpUJ82TwyQ/rs:fill:1000:1000:1:0/plain/bafkreiaivizp4xldojmmpuzmiu75cmea7nq56dnntnuhzhsjcb63aou5ei@jpeg",
        "declaration": {
          "actorType": "app.bsky.system.actorUser",
          "cid": "cids(1)",
        },
        "did": "user(0)",
        "displayName": "ali",
        "handle": "alice.test",
        "viewer": {
          "muted": false,
        },
      },
      "cid": "cids(0)",
      "downvoteCount": 1,
      "indexedAt": "1970-01-01T00:00:00.000Z",
      "record": {
        "$type": "app.bsky.feed.post",
        "createdAt": "1970-01-01T00:00:00.000Z",
        "text": "again",
      },
      "replyCount": 2,
      "repostCount": 1,
      "upvoteCount": 2,
      "uri": "record(0)",
      "viewer": {},
    },
  },
  {
    "post": {
      "author": {
        "declaration": {
          "actorType": "app.bsky.system.actorUser",
          "cid": "cids(1)",
        },
        "did": "user(1)",
        "handle": "dan.test",
        "viewer": {
          "following": "record(1)",
          "muted": false,
        },
      },
      "cid": "cids(9)",
      "downvoteCount": 0,
      "indexedAt": "1970-01-01T00:00:00.000Z",
      "record": {
        "$type": "app.bsky.feed.post",
        "createdAt": "1970-01-01T00:00:00.000Z",
        "text": "dan here!",
      },
      "replyCount": 0,
      "repostCount": 0,
      "upvoteCount": 0,
      "uri": "record(12)",
      "viewer": {},
    },
  },
  {
    "post": {
      "author": {
        "declaration": {
          "actorType": "app.bsky.system.actorUser",
          "cid": "cids(1)",
        },
        "did": "user(2)",
        "handle": "carol.test",
        "viewer": {
          "followedBy": "record(4)",
          "following": "record(3)",
          "muted": false,
        },
      },
      "cid": "cids(10)",
      "downvoteCount": 0,
      "embed": {
        "$type": "app.bsky.embed.images#presented",
        "images": [
          {
            "alt": "tests/image/fixtures/key-landscape-small.jpg",
            "fullsize": "https://pds.public.url/image/AiDXkxVbgBksxb1nfiRn1m6S4K8_mee6o8r-UGLNzOM/rs:fit:2000:2000:1:0/plain/bafkreigy5p3xxceipk2o6nqtnugpft26ol6yleqhboqziino7axvdngtci@jpeg",
            "thumb": "https://pds.public.url/image/uc7FGfiGv0mMqmk9XiqHXrIhNymLHaex7Ge8nEhmXqo/rs:fit:1000:1000:1:0/plain/bafkreigy5p3xxceipk2o6nqtnugpft26ol6yleqhboqziino7axvdngtci@jpeg",
          },
          {
            "alt": "tests/image/fixtures/key-alt.jpg",
            "fullsize": "https://pds.public.url/image/xC2No-8rKVDIwIMmCiEBm9EiGLDBBOpf36PHoGf-GDw/rs:fit:2000:2000:1:0/plain/bafkreifdklbbcdsyanjz3oqe5pf2omuq5ansthokxlbleagg3eenx62h7e@jpeg",
            "thumb": "https://pds.public.url/image/g7yazUpNwN8LKumZ2Zmn_ptQbtMLs1Pti5-GDn7H8_8/rs:fit:1000:1000:1:0/plain/bafkreifdklbbcdsyanjz3oqe5pf2omuq5ansthokxlbleagg3eenx62h7e@jpeg",
          },
        ],
      },
      "indexedAt": "1970-01-01T00:00:00.000Z",
      "record": {
        "$type": "app.bsky.feed.post",
        "createdAt": "1970-01-01T00:00:00.000Z",
        "embed": {
          "$type": "app.bsky.embed.images",
          "images": [
            {
              "alt": "tests/image/fixtures/key-landscape-small.jpg",
              "image": {
                "cid": "cids(5)",
                "mimeType": "image/jpeg",
              },
            },
            {
              "alt": "tests/image/fixtures/key-alt.jpg",
              "image": {
                "cid": "cids(11)",
                "mimeType": "image/jpeg",
              },
            },
          ],
        },
        "text": "hi im carol",
      },
      "replyCount": 0,
      "repostCount": 0,
      "upvoteCount": 2,
      "uri": "record(13)",
      "viewer": {
        "upvote": "record(14)",
      },
    },
  },
  {
    "post": {
      "author": {
        "avatar": "https://pds.public.url/image/KzkHFsMRQ6oAKCHCRKFA1H-rDdc7VOtvEVpUJ82TwyQ/rs:fill:1000:1000:1:0/plain/bafkreiaivizp4xldojmmpuzmiu75cmea7nq56dnntnuhzhsjcb63aou5ei@jpeg",
        "declaration": {
          "actorType": "app.bsky.system.actorUser",
          "cid": "cids(1)",
        },
        "did": "user(3)",
        "displayName": "bobby",
        "handle": "bob.test",
        "viewer": {
          "followedBy": "record(8)",
          "following": "record(7)",
          "muted": false,
        },
      },
      "cid": "cids(12)",
      "downvoteCount": 0,
      "indexedAt": "1970-01-01T00:00:00.000Z",
      "record": {
        "$type": "app.bsky.feed.post",
        "createdAt": "1970-01-01T00:00:00.000Z",
        "text": "bob back at it again!",
      },
      "replyCount": 0,
      "repostCount": 0,
      "upvoteCount": 0,
      "uri": "record(15)",
      "viewer": {},
    },
  },
  {
    "post": {
      "author": {
        "avatar": "https://pds.public.url/image/KzkHFsMRQ6oAKCHCRKFA1H-rDdc7VOtvEVpUJ82TwyQ/rs:fill:1000:1000:1:0/plain/bafkreiaivizp4xldojmmpuzmiu75cmea7nq56dnntnuhzhsjcb63aou5ei@jpeg",
        "declaration": {
          "actorType": "app.bsky.system.actorUser",
          "cid": "cids(1)",
        },
        "did": "user(0)",
        "displayName": "ali",
        "handle": "alice.test",
        "viewer": {
          "muted": false,
        },
      },
      "cid": "cids(13)",
      "downvoteCount": 0,
      "indexedAt": "1970-01-01T00:00:00.000Z",
      "record": {
        "$type": "app.bsky.feed.post",
        "createdAt": "1970-01-01T00:00:00.000Z",
        "text": "hey there",
      },
      "replyCount": 0,
      "repostCount": 0,
      "upvoteCount": 0,
      "uri": "record(16)",
      "viewer": {},
    },
  },
]
`;
